// Jest Snapshot v1, https://goo.gl/fbAQLP

exports[`config/migrate-validate migrateAndValidate() handles invalid 1`] = `
{
  "errors": [
    {
      "message": "Invalid configuration option: foo. Run the server with '--allow-extra-config' flag if you want to allow extra configurations",
      "topic": "Configuration Error",
    },
  ],
  "foo": "none",
  "warnings": [],
}
`;

exports[`config/migrate-validate migrateAndValidate() isOnboarded 1`] = `
{
  "errors": [],
}
`;
